exports[`test initial render 1`] = `
<table>
  <thead>
    <tr>
      <td>
        age
      </td>
      <td>
        gender
      </td>
      <td>
        latitude
      </td>
      <td>
        longitude
      </td>
      <td>
        rate
      </td>
      <td>
        uuid
      </td>
    </tr>
  </thead>
  <tbody>
    <tr>
      <td>
        39
      </td>
      <td>
        F
      </td>
      <td>
        51.75436293
      </td>
      <td>
        -0.09998975
      </td>
      <td>
        14.21
      </td>
      <td>
        f853578c-fc0f-4e65-81b8-566c5dffa35a
      </td>
    </tr>
    <tr>
      <td>
        66
      </td>
      <td>
        M
      </td>
      <td>
        51.74640997
      </td>
      <td>
        0.18228006
      </td>
      <td>
        39.5
      </td>
      <td>
        fe2c3195-aeff-487a-a08f-e0bdc0ec6e9a
      </td>
    </tr>
  </tbody>
</table>
`;
